{"level":"\u001b[33mwarn\u001b[39m","message":"Intento de reset de contraseña fallido: Usuario no encontrado o token inválido","timestamp":"2025-02-16 11:28:14"}
{"level":"\u001b[33mwarn\u001b[39m","message":"Intento de reset de contraseña fallido: Usuario no encontrado o token inválido","timestamp":"2025-02-16 11:30:58"}
{"level":"\u001b[32minfo\u001b[39m","message":"Contraseña restablecida con éxito para el usuario federico.milone@naranjax.com","timestamp":"2025-02-16 11:31:31"}
{"level":"\u001b[32minfo\u001b[39m","message":"Usuario registrado correctamente: fedmilo91@gmail.com","timestamp":"2025-02-16 11:50:20"}
{"level":"\u001b[32minfo\u001b[39m","message":"Usuario con ID 67b1fb2994187bc5f45dbe5f recuperado correctamente.","timestamp":"2025-02-16 11:50:43"}
{"level":"\u001b[32minfo\u001b[39m","message":"Usuario con ID 67b1fb2994187bc5f45dbe5f reactivado correctamente.","timestamp":"2025-02-16 11:50:44"}
{"level":"\u001b[32minfo\u001b[39m","message":"Usuario autenticado con éxito: fedmilo91@gmail.com","timestamp":"2025-02-16 11:50:53"}
{"level":"\u001b[32minfo\u001b[39m","message":"Usuario con ID 67b1fb2994187bc5f45dbe5f recuperado correctamente.","timestamp":"2025-02-16 11:50:53"}
{"level":"\u001b[32minfo\u001b[39m","message":"Solicitud recibida para obtener todas las administraciones.","timestamp":"2025-02-16 11:50:53"}
{"level":"\u001b[32minfo\u001b[39m","message":"Se recuperaron 1 administraciones.","timestamp":"2025-02-16 11:50:53"}
{"level":"\u001b[32minfo\u001b[39m","message":"Solicitud recibida para crear un edificio completo.","timestamp":"2025-02-16 11:51:41"}
{"level":"\u001b[33mwarn\u001b[39m","message":"Intento de creación fallido: Administración con ID null no encontrada.","timestamp":"2025-02-16 11:51:41"}
{"level":"\u001b[32minfo\u001b[39m","message":"Solicitud recibida para crear un edificio completo.","timestamp":"2025-02-16 11:51:46"}
{"level":"\u001b[33mwarn\u001b[39m","message":"Intento de creación fallido: Administración con ID null no encontrada.","timestamp":"2025-02-16 11:51:46"}
{"level":"\u001b[32minfo\u001b[39m","message":"Solicitud recibida para crear un edificio completo.","timestamp":"2025-02-16 11:52:03"}
{"level":"\u001b[33mwarn\u001b[39m","message":"Intento de creación fallido: Administración con ID null no encontrada.","timestamp":"2025-02-16 11:52:03"}
{"level":"\u001b[32minfo\u001b[39m","message":"Usuario autenticado con éxito: fedmilo91@gmail.com","timestamp":"2025-02-16 11:53:59"}
{"level":"\u001b[32minfo\u001b[39m","message":"Usuario con ID 67b1fb2994187bc5f45dbe5f recuperado correctamente.","timestamp":"2025-02-16 11:53:59"}
{"level":"\u001b[32minfo\u001b[39m","message":"Solicitud recibida para obtener todas las administraciones.","timestamp":"2025-02-16 11:53:59"}
{"level":"\u001b[32minfo\u001b[39m","message":"Se recuperaron 1 administraciones.","timestamp":"2025-02-16 11:53:59"}
{"level":"\u001b[32minfo\u001b[39m","message":"Usuario autenticado con éxito: fedmilo91@gmail.com","timestamp":"2025-02-16 11:54:22"}
{"level":"\u001b[32minfo\u001b[39m","message":"Usuario con ID 67b1fb2994187bc5f45dbe5f recuperado correctamente.","timestamp":"2025-02-16 11:54:22"}
{"level":"\u001b[32minfo\u001b[39m","message":"Solicitud recibida para obtener todas las administraciones.","timestamp":"2025-02-16 11:54:22"}
{"level":"\u001b[32minfo\u001b[39m","message":"Se recuperaron 1 administraciones.","timestamp":"2025-02-16 11:54:22"}
{"level":"\u001b[32minfo\u001b[39m","message":"Solicitud de inicio de sesión para el correo: fedmilo91@gmail.com","timestamp":"2025-02-16 11:57:31"}
{"level":"\u001b[32minfo\u001b[39m","message":"Usuario fedmilo91@gmail.com es ADMINISTRATION. ID de administración: 67b1fb2994187bc5f45dbe61","timestamp":"2025-02-16 11:57:31"}
{"level":"\u001b[32minfo\u001b[39m","message":"Inicio de sesión exitoso para fedmilo91@gmail.com.","timestamp":"2025-02-16 11:57:31"}
{"level":"\u001b[32minfo\u001b[39m","message":"Usuario con ID 67b1fb2994187bc5f45dbe5f recuperado correctamente.","timestamp":"2025-02-16 11:57:31"}
{"level":"\u001b[32minfo\u001b[39m","message":"Solicitud recibida para obtener todas las administraciones.","timestamp":"2025-02-16 11:57:31"}
{"level":"\u001b[32minfo\u001b[39m","message":"Se recuperaron 1 administraciones.","timestamp":"2025-02-16 11:57:31"}
{"level":"\u001b[32minfo\u001b[39m","message":"Solicitud recibida para crear un edificio completo.","timestamp":"2025-02-16 11:58:18"}
{"level":"\u001b[32minfo\u001b[39m","message":"Edificio creado con éxito. ID: 67b1fd0a30d5ec284048b6a7, Friendly ID: be5f-0fca","timestamp":"2025-02-16 11:58:18"}
{"level":"\u001b[32minfo\u001b[39m","message":"Torre creada con éxito. ID: 67b1fd0a30d5ec284048b6a9, Friendly ID: be5f-0fca-fab8","timestamp":"2025-02-16 11:58:18"}
{"level":"\u001b[32minfo\u001b[39m","message":"Unidad funcional creada con éxito en torre ID 67b1fd0a30d5ec284048b6a9, ID: 67b1fd0d30d5ec284048b6ae","timestamp":"2025-02-16 11:58:21"}
{"level":"\u001b[32minfo\u001b[39m","message":"Unidad funcional creada con éxito en torre ID 67b1fd0a30d5ec284048b6a9, ID: 67b1fd0f30d5ec284048b6b3","timestamp":"2025-02-16 11:58:23"}
{"level":"\u001b[32minfo\u001b[39m","message":"Edificio completo creado con éxito. ID: 67b1fd0a30d5ec284048b6a7","timestamp":"2025-02-16 11:58:25"}
{"level":"\u001b[32minfo\u001b[39m","message":"Solicitud de inicio de sesión para el correo: federico.milone@naranjax.com","timestamp":"2025-02-16 11:59:08"}
{"level":"\u001b[32minfo\u001b[39m","message":"Inicio de sesión exitoso para federico.milone@naranjax.com.","timestamp":"2025-02-16 11:59:08"}
{"level":"\u001b[32minfo\u001b[39m","message":"Usuario con ID 67b1fd0a30d5ec284048b6ac recuperado correctamente.","timestamp":"2025-02-16 11:59:08"}
{"level":"\u001b[32minfo\u001b[39m","message":"Contraseña restablecida con éxito para el usuario federico.milone@naranjax.com","timestamp":"2025-02-16 11:59:24"}
{"level":"\u001b[32minfo\u001b[39m","message":"Correo de recuperación de contraseña enviado a fedmilo91@gmail.com","timestamp":"2025-02-16 12:00:11"}
{"level":"\u001b[32minfo\u001b[39m","message":"Contraseña restablecida con éxito para el usuario fedmilo91@gmail.com","timestamp":"2025-02-16 12:00:30"}
{"level":"\u001b[32minfo\u001b[39m","message":"Correo de recuperación de contraseña enviado a fedmilo91@gmail.com","timestamp":"2025-02-16 12:01:04"}
{"level":"\u001b[32minfo\u001b[39m","message":"Contraseña restablecida con éxito para el usuario fedmilo91@gmail.com","timestamp":"2025-02-16 12:01:21"}
{"level":"\u001b[32minfo\u001b[39m","message":"Solicitud de inicio de sesión para el correo: fedmilo91@gmail.com","timestamp":"2025-02-16 12:01:24"}
{"level":"\u001b[32minfo\u001b[39m","message":"Usuario fedmilo91@gmail.com es ADMINISTRATION. ID de administración: 67b1fb2994187bc5f45dbe61","timestamp":"2025-02-16 12:01:24"}
{"level":"\u001b[32minfo\u001b[39m","message":"Inicio de sesión exitoso para fedmilo91@gmail.com.","timestamp":"2025-02-16 12:01:24"}
{"level":"\u001b[32minfo\u001b[39m","message":"Usuario con ID 67b1fb2994187bc5f45dbe5f recuperado correctamente.","timestamp":"2025-02-16 12:01:24"}
{"level":"\u001b[32minfo\u001b[39m","message":"Solicitud recibida para obtener todas las administraciones.","timestamp":"2025-02-16 12:01:24"}
{"level":"\u001b[32minfo\u001b[39m","message":"Se recuperaron 1 administraciones.","timestamp":"2025-02-16 12:01:24"}
{"level":"\u001b[32minfo\u001b[39m","message":"Solicitud recibida para obtener el edificio con ID 67b1fd0a30d5ec284048b6a7.","timestamp":"2025-02-16 12:01:24"}
{"level":"\u001b[32minfo\u001b[39m","message":"Edificio con ID 67b1fd0a30d5ec284048b6a7 recuperado correctamente.","timestamp":"2025-02-16 12:01:24"}
